// Jest Snapshot v1, https://goo.gl/fbAQLP

exports[`Pruebas en GifGridItem  debe de hacer match con el snapshot  1`] = `
<div>
  <div
    class="card"
  >
    <img
      alt="saitama"
      src="https://one-punch-saitama-one-ounch.saitam.jpg/"
    />
    <p>
      saitama
    </p>
  </div>
</div>
`;
